[stderr] INFO:     Started server process [23060]
[stderr] INFO:     Waiting for application startup.
[stderr] INFO:     Application startup complete.
[stderr] INFO:     Uvicorn running on http://127.0.0.1:8765 (Press CTRL+C to quit)
INFO:     127.0.0.1:55712 - "GET /health HTTP/1.1" 200 OK
[stderr] INFO:     ('127.0.0.1', 55713) - "WebSocket /ws" [accepted]
[stderr] 2026-07-02 20:10:39 INFO     [codeboarding_pro.ws.server:258] WebSocket connected: session 874648f8-949a-4cf9-bcf8-e2ea43a93b9e
[stderr] INFO:     connection open
[stderr] 2026-07-02 20:10:39 INFO     [tool_registry.manifest:320] has_required_tools: csharp missing or stale at /Users/hazem/.codeboarding/servers/bin/macos/pm-tools/csharp-ls/csharp-ls
[stderr] 2026-07-02 20:10:39 INFO     [tool_registry.manifest:320] has_required_tools: csharp missing or stale at /Users/hazem/.codeboarding/servers/bin/macos/pm-tools/csharp-ls/csharp-ls
[stderr] 2026-07-02 20:10:39 INFO     [tool_registry.installers:451] Installing Node.js packages: ['pyright@1.1.400', 'typescript-language-server@4.3.4', 'typescript@5.7', 'intelephense@1.16.5']
[stderr] 2026-07-02 20:10:42 INFO     [tool_registry.installers:465] Node.js packages installed successfully
[stderr] 2026-07-02 20:10:42 INFO     [tool_registry.installers:225]   tokei: already installed, skipping
[stderr] 2026-07-02 20:10:42 INFO     [tool_registry.installers:225]   gopls: already installed, skipping
[stderr] 2026-07-02 20:10:42 INFO     [tool_registry.installers:225]   rust-analyzer: already installed, skipping
[stderr] 2026-07-02 20:10:42 INFO     [tool_registry.installers:489] java already installed
[stderr] 2026-07-02 20:10:50 WARNING  [tool_registry.installers:397]   csharp-ls: dotnet install failed (exit 1): Tool 'csharp-ls' failed to update due to the following:
[stderr] The settings file in the tool's NuGet package is invalid: Settings file 'DotnetToolSettings.xml' was not found in the package.
[stderr] Tool 'csharp-ls' failed to install. Contact the tool author for assistance.
[stderr] 
[stderr] 2026-07-02 20:10:51 INFO     [codeboarding_pro.lsp.bootstrap:56] LSP startup attempt 1/3
[stderr] 2026-07-02 20:10:51 INFO     [codeboarding_pro.session:187] Session 874648f8-949a-4cf9-bcf8-e2ea43a93b9e initialized: repo=/Users/hazem/hackathon/AI-QS-Challenge, project=AI-QS-Challenge, output=/Users/hazem/hackathon/AI-QS-Challenge/.codeboarding
[stderr] 2026-07-02 20:10:51 WARNING  [static_analyzer.scanner:50] No total code count found in Tokei output
[stderr] 2026-07-02 20:10:51 INFO     [static_analyzer:212] No supported languages detected in /Users/hazem/hackathon/AI-QS-Challenge; no LSP clients to start.
[stderr] 2026-07-02 20:10:51 INFO     [codeboarding_pro.file_monitor:106] FileMonitor started for /Users/hazem/hackathon/AI-QS-Challenge
[stderr] 2026-07-02 20:10:51 INFO     [codeboarding_pro.session:205] Session 874648f8-949a-4cf9-bcf8-e2ea43a93b9e: FileMonitor activated
[stderr] 2026-07-02 20:10:51 INFO     [codeboarding_pro.head_watcher:48] HeadWatcher started on /Users/hazem/hackathon/AI-QS-Challenge/.git/HEAD
[stderr] 2026-07-02 20:10:51 INFO     [codeboarding_pro.session:250] Session 874648f8-949a-4cf9-bcf8-e2ea43a93b9e: LSP wiring complete
[stderr] 2026-07-02 20:10:51 INFO     [codeboarding_pro.lsp.bootstrap:67] LSP clients started successfully (attempt 1)
[stderr] 2026-07-04 09:57:19 INFO     [watchfiles.main:308] 390 changes detected
[stderr] 2026-07-04 09:58:37 INFO     [watchfiles.main:308] 408 changes detected
[stderr] 2026-07-04 09:58:38 INFO     [watchfiles.main:308] 531 changes detected
[stderr] 2026-07-04 09:58:38 INFO     [watchfiles.main:308] 1102 changes detected
[stderr] 2026-07-04 10:00:57 INFO     [watchfiles.main:308] 2430 changes detected
